1.0 10 13
1.0 10 13
1.0 10 13
1.0 9 10 13
1.0 10 13
1.0 10 11 13
1.0 10 11 13
1.0 10 11 13
1.0 10 11 13
1.0 10 11 13
1.0 10 11 13
1.0 10 11 13
1.0 10 11 13
1.0 10 11 13
1.0 10 11 13
1.0 10 11 13
1.0 10 13
1.0 10 13
1.0 10 13
1.0 10 13
1.0 10 13
1.0 10 13
1.0 10 13
1.0 10 13
1.0 10 13
1.0 10 11 13
1.0 10 13
1.0 10 13
1.0 10 13
1.0 10 13
1.0 10 13
1.0 10 13
1.0 10 13
1.0 10 13
1.0 10 13
1.0 10 13
1.0 10 13
1.0 10 13
1.0 10 13
1.0 10 13
1.0 10 13
1.0 10 13
1.0 10 13
1.0 10 13
1.0 10 13
1.0 11
1.0 11
1.0 11
